Imports done
SAM initialized
Start training
Loading train data...
